// Jest Snapshot v1, https://goo.gl/fbAQLP

exports[`Empty Modal renders correctly 1`] = `
<Modal
  animationType="slide"
  hardwareAccelerated={false}
  visible={false}
/>
`;
